// Jest Snapshot v1, https://goo.gl/fbAQLP

exports[`content is rendered 1`] = `
<DocumentFragment>
  .emotion-1 {
  position: absolute;
  top: 0;
  right: 0;
  bottom: 0;
  left: 0;
  display: -webkit-box;
  display: -webkit-flex;
  display: -ms-flexbox;
  display: flex;
  -webkit-box-pack: center;
  -webkit-justify-content: center;
  -ms-flex-pack: center;
  justify-content: center;
  -webkit-align-items: center;
  -webkit-box-align: center;
  -ms-flex-align: center;
  align-items: center;
}

.emotion-0 {
  font-family: sans-serif;
  color: pink;
}

<div
    class="emotion-1"
  >
    <h1
      class="emotion-0"
    >
      Hello, world!
    </h1>
  </div>
</DocumentFragment>
`;
